###############################################################################
#
# IAR ELF Linker V9.10.2.313/W64 for ARM                  10/Mar/2022  12:18:33
# Copyright 2007-2021 IAR Systems AB.
#
#    Output file  =
#        C:\Users\ander\Documents\Uni\CSEII\Project\Debug\Exe\projekt.out
#    Map file     =
#        C:\Users\ander\Documents\Uni\CSEII\Project\Debug\List\projekt.map
#    Command line =
#        -f
#        C:\Users\ander\Documents\Uni\CSEII\Project\Debug\Exe\projekt.out.rsp
#        (C:\Users\ander\Documents\Uni\CSEII\Project\Debug\Obj\context_switching_functions_march_2019.o
#        C:\Users\ander\Documents\Uni\CSEII\Project\Debug\Obj\cstartup.o
#        C:\Users\ander\Documents\Uni\CSEII\Project\Debug\Obj\exceptions.o
#        C:\Users\ander\Documents\Uni\CSEII\Project\Debug\Obj\kernel_functions.o
#        C:\Users\ander\Documents\Uni\CSEII\Project\Debug\Obj\linked_list_functions.o
#        C:\Users\ander\Documents\Uni\CSEII\Project\Debug\Obj\mailbox_functions.o
#        C:\Users\ander\Documents\Uni\CSEII\Project\Debug\Obj\main.o
#        C:\Users\ander\Documents\Uni\CSEII\Project\Debug\Obj\startup_sam3x.o
#        C:\Users\ander\Documents\Uni\CSEII\Project\Debug\Obj\system_sam3x.o
#        --no_out_extension -o
#        C:\Users\ander\Documents\Uni\CSEII\Project\Debug\Exe\projekt.out
#        --redirect _Printf=_PrintfFullNoMb --redirect _Scanf=_ScanfFullNoMb
#        --map
#        C:\Users\ander\Documents\Uni\CSEII\Project\Debug\List\projekt.map
#        --config
#        C:\Users\ander\Documents\Uni\CSEII\Project\sam3x8-sram_BigHeap.icf
#        --semihosting --entry __iar_program_start --vfe --text_out locale)
#
###############################################################################

*******************************************************************************
*** RUNTIME MODEL ATTRIBUTES
***

CppFlavor       = *
__Heap_Handler  = Basic
__SystemLibrary = DLib
__dlib_version  = 6


*******************************************************************************
*** HEAP SELECTION
***

The basic heap was selected because some modules are built with
size limitations (and not runtime checking), and --advanced_heap
was not specified.


*******************************************************************************
*** PLACEMENT SUMMARY
***

"A0":  place at address 0x2007'0000 { ro section .intvec };
"P1":  place in [from 0x2007'0000 to 0x2008'7fff] { ro };
define block CSTACK with size = 2K, alignment = 8 { };
define block HEAP with size = 8K, alignment = 8 { };
"P2":  place in [from 0x2007'0000 to 0x2008'7fff] {
          rw, block CSTACK, block HEAP };
initialize by copy with packing = copy, complex ranges { rw };

  Section            Kind         Address    Size  Object
  -------            ----         -------    ----  ------
"A0":                                        0xf4
  .intvec                     0x2007'0000    0xf4  <Block>
    .intvec          const    0x2007'0000    0xf4  startup_sam3x.o [1]
                            - 0x2007'00f4    0xf4

"P1-P2", part 1 of 3:                      0x12e4
  .text              ro code  0x2007'00f4   0x544  kernel_functions.o [1]
  .text              ro code  0x2007'0638   0x158  heap0.o [2]
  .text              ro code  0x2007'0790   0x1c8  context_switching_functions_march_2019.o [1]
  .text              ro code  0x2007'0958   0x274  linked_list_functions.o [1]
  .text              ro code  0x2007'0bcc     0x4  heaptramp0.o [2]
  .text              ro code  0x2007'0bd0   0x12c  mailbox_functions.o [1]
  .text              ro code  0x2007'0cfc    0xa6  ABImemcpy.o [4]
  .text              ro code  0x2007'0da2    0x2a  copy_init3.o [4]
  .text              ro code  0x2007'0dcc    0x2c  xgetmemchunk.o [2]
  .text              ro code  0x2007'0df8    0x12  xxmemxmemzero.o [2]
  .text              ro code  0x2007'0e0a     0x2  exceptions.o [1]
  .text              ro code  0x2007'0e0c   0x3c4  main.o [1]
  .text              ro code  0x2007'11d0    0x24  S32ToFlt.o [3]
  .text              ro code  0x2007'11f4    0x1c  FltCmpEq.o [3]
  .text              ro code  0x2007'1210    0xb8  system_sam3x.o [1]
  .text              ro code  0x2007'12c8    0x38  zero_init3.o [4]
  .text              ro code  0x2007'1300    0x34  startup_sam3x.o [1]
  .text              ro code  0x2007'1334     0xc  cstartup.o [1]
  .text              ro code  0x2007'1340    0x1e  cmain.o [4]
  .text              ro code  0x2007'1360    0x28  data_init.o [4]
  .text              ro code  0x2007'1388     0x4  exit.o [2]
  .text              ro code  0x2007'138c     0xa  cexit.o [4]
  .text              ro code  0x2007'1398    0x14  exit.o [5]
  .iar.init_table    const    0x2007'13ac    0x24  - Linker created -
  .rodata            const    0x2007'13d0     0x0  zero_init3.o [4]
  .rodata            const    0x2007'13d0     0x0  copy_init3.o [4]
  P1-P2 s0                    0x2007'13d0     0x4  <Init block>
    .data            inited   0x2007'13d0     0x4  system_sam3x.o [1]
  Initializer bytes  const    0x2007'13d4     0x4  <for P1-P2 s0>
                            - 0x2007'13d8  0x12e4

"P1-P2", part 2 of 3:                        0x48
  .bss               zero     0x2007'13d8     0x8  heap0.o [2]
  .bss               zero     0x2007'13e0     0x4  kernel_functions.o [1]
  .bss               zero     0x2007'13e4     0x4  kernel_functions.o [1]
  .bss               zero     0x2007'13e8     0x4  kernel_functions.o [1]
  .bss               zero     0x2007'13ec     0x4  kernel_functions.o [1]
  .bss               zero     0x2007'13f0     0x4  kernel_functions.o [1]
  .bss               zero     0x2007'13f4     0x4  kernel_functions.o [1]
  .bss               zero     0x2007'13f8     0x4  kernel_functions.o [1]
  .bss               zero     0x2007'13fc     0x4  main.o [1]
  .bss               zero     0x2007'1400     0x4  main.o [1]
  .bss               zero     0x2007'1404     0x4  main.o [1]
  .bss               zero     0x2007'1408     0x4  main.o [1]
  .bss               zero     0x2007'140c     0x4  main.o [1]
  .bss               zero     0x2007'1410     0x4  main.o [1]
  .bss               zero     0x2007'1414     0x4  main.o [1]
  .bss               zero     0x2007'1418     0x4  main.o [1]
  .bss               zero     0x2007'141c     0x4  xgetmemchunk.o [2]
                            - 0x2007'1420    0x48

"P1-P2", part 3 of 3:                      0x2800
  CSTACK                      0x2007'1420   0x800  <Block>
    CSTACK           uninit   0x2007'1420   0x800  <Block tail>
  HEAP                        0x2007'1c20  0x2000  <Block>
    HEAP             uninit   0x2007'1c20  0x2000  <Block tail>
                            - 0x2007'3c20  0x2800

Unused ranges:

         From           To      Size
         ----           --      ----
  0x2007'3c20  0x2008'7fff  0x1'43e0


*******************************************************************************
*** INIT TABLE
***

          Address      Size
          -------      ----
Zero (__iar_zero_init3)
    1 destination range, total size 0x48:
          0x2007'13d8  0x48

Copy (__iar_copy_init3)
    1 source range, total size 0x4:
          0x2007'13d4   0x4
    1 destination range, total size 0x4:
          0x2007'13d0   0x4



*******************************************************************************
*** MODULE SUMMARY
***

    Module                                    ro code  ro data  rw data
    ------                                    -------  -------  -------
command line/config:
    -------------------------------------------------------------------
    Total:

C:\Users\ander\Documents\Uni\CSEII\Project\Debug\Obj: [1]
    context_switching_functions_march_2019.o      456
    cstartup.o                                     12
    exceptions.o                                    2
    kernel_functions.o                          1'348                28
    linked_list_functions.o                       628
    mailbox_functions.o                           300
    main.o                                        964                32
    startup_sam3x.o                                52      244
    system_sam3x.o                                184        4        4
    -------------------------------------------------------------------
    Total:                                      3'946      248       64

dl7M_tln.a: [2]
    exit.o                                          4
    heap0.o                                       344                 8
    heaptramp0.o                                    4
    xgetmemchunk.o                                 44                 4
    xxmemxmemzero.o                                18
    -------------------------------------------------------------------
    Total:                                        414                12

m7M_tl.a: [3]
    FltCmpEq.o                                     28
    S32ToFlt.o                                     36
    -------------------------------------------------------------------
    Total:                                         64

rt7M_tl.a: [4]
    ABImemcpy.o                                   166
    cexit.o                                        10
    cmain.o                                        30
    copy_init3.o                                   42
    data_init.o                                    40
    zero_init3.o                                   56
    -------------------------------------------------------------------
    Total:                                        344

shb_l.a: [5]
    exit.o                                         20
    -------------------------------------------------------------------
    Total:                                         20

    Gaps                                            4
    Linker created                                          36   10'240
-----------------------------------------------------------------------
    Grand Total:                                4'792      284   10'316


*******************************************************************************
*** ENTRY LIST
***

Entry                       Address  Size  Type      Object
-----                       -------  ----  ----      ------
.iar.init_table$$Base   0x2007'13ac         --   Gb  - Linker created -
.iar.init_table$$Limit  0x2007'13d0         --   Gb  - Linker created -
.intvec$$Base           0x2007'0000         --   Gb  - Linker created -
.intvec$$Limit          0x2007'00f4         --   Gb  - Linker created -
?main                   0x2007'1341        Code  Gb  cmain.o [4]
ADC_Handler             0x2007'0e0b   0x2  Code  Wk  exceptions.o [1]
Aldata                  0x2007'13d8   0x8  Data  Lc  heap0.o [2]
BusFault_Handler        0x2007'0e0b   0x2  Code  Wk  exceptions.o [1]
CAN0_Handler            0x2007'0e0b   0x2  Code  Wk  exceptions.o [1]
CAN1_Handler            0x2007'0e0b   0x2  Code  Wk  exceptions.o [1]
CSTACK$$Base            0x2007'1420         --   Gb  - Linker created -
CSTACK$$Limit           0x2007'1c20         --   Gb  - Linker created -
DACC_Handler            0x2007'0e0b   0x2  Code  Wk  exceptions.o [1]
DMAC_Handler            0x2007'0e0b   0x2  Code  Wk  exceptions.o [1]
DebugMon_Handler        0x2007'0e0b   0x2  Code  Wk  exceptions.o [1]
Dummy_Handler           0x2007'0e0b   0x2  Code  Gb  exceptions.o [1]
EFC0_Handler            0x2007'0e0b   0x2  Code  Wk  exceptions.o [1]
EFC1_Handler            0x2007'0e0b   0x2  Code  Wk  exceptions.o [1]
HEAP$$Base              0x2007'1c20         --   Gb  - Linker created -
HEAP$$Limit             0x2007'3c20         --   Gb  - Linker created -
HSMCI_Handler           0x2007'0e0b   0x2  Code  Wk  exceptions.o [1]
HardFault_Handler       0x2007'0e0b   0x2  Code  Wk  exceptions.o [1]
KernelMode              0x2007'13e4   0x4  Data  Gb  kernel_functions.o [1]
LoadContext_In_Run      0x2007'08b9        Code  Gb  context_switching_functions_march_2019.o [1]
LoadContext_In_Terminate
                        0x2007'08ab        Code  Gb  context_switching_functions_march_2019.o [1]
MemManage_Handler       0x2007'0e0b   0x2  Code  Wk  exceptions.o [1]
NMI_Handler             0x2007'0e0b   0x2  Code  Wk  exceptions.o [1]
NVIC_SetPriority        0x2007'0e0d  0x28  Code  Lc  main.o [1]
NextTask                0x2007'13ec   0x4  Data  Gb  kernel_functions.o [1]
PIOA_Handler            0x2007'0e0b   0x2  Code  Wk  exceptions.o [1]
PIOB_Handler            0x2007'0e0b   0x2  Code  Wk  exceptions.o [1]
PIOC_Handler            0x2007'0e0b   0x2  Code  Wk  exceptions.o [1]
PIOD_Handler            0x2007'0e0b   0x2  Code  Wk  exceptions.o [1]
PMC_Handler             0x2007'0e0b   0x2  Code  Wk  exceptions.o [1]
PWM_Handler             0x2007'0e0b   0x2  Code  Wk  exceptions.o [1]
PendSV_Handler          0x2007'0e0b   0x2  Code  Wk  exceptions.o [1]
PreviousTask            0x2007'13e8   0x4  Data  Gb  kernel_functions.o [1]
RSTC_Handler            0x2007'0e0b   0x2  Code  Wk  exceptions.o [1]
RTC_Handler             0x2007'0e0b   0x2  Code  Wk  exceptions.o [1]
RTT_Handler             0x2007'0e0b   0x2  Code  Wk  exceptions.o [1]
ReadyList               0x2007'13f0   0x4  Data  Gb  kernel_functions.o [1]
Region$$Table$$Base     0x2007'13ac         --   Gb  - Linker created -
Region$$Table$$Limit    0x2007'13d0         --   Gb  - Linker created -
Reset_Handler           0x2007'132d   0x8  Code  Gb  startup_sam3x.o [1]
SPI0_Handler            0x2007'0e0b   0x2  Code  Wk  exceptions.o [1]
SSC_Handler             0x2007'0e0b   0x2  Code  Wk  exceptions.o [1]
SUPC_Handler            0x2007'0e0b   0x2  Code  Wk  exceptions.o [1]
SVC_Handler             0x2007'07e1        Code  Gb  context_switching_functions_march_2019.o [1]
SwitchContext           0x2007'089d        Code  Gb  context_switching_functions_march_2019.o [1]
SysTick_Config          0x2007'0e35  0x36  Code  Lc  main.o [1]
SysTick_Handler         0x2007'0791        Code  Gb  context_switching_functions_march_2019.o [1]
SystemCoreClock         0x2007'13d0   0x4  Data  Gb  system_sam3x.o [1]
SystemInit              0x2007'1211  0x86  Code  Gb  system_sam3x.o [1]
TC0_Handler             0x2007'0e0b   0x2  Code  Wk  exceptions.o [1]
TC1_Handler             0x2007'0e0b   0x2  Code  Wk  exceptions.o [1]
TC2_Handler             0x2007'0e0b   0x2  Code  Wk  exceptions.o [1]
TC3_Handler             0x2007'0e0b   0x2  Code  Wk  exceptions.o [1]
TC4_Handler             0x2007'0e0b   0x2  Code  Wk  exceptions.o [1]
TC5_Handler             0x2007'0e0b   0x2  Code  Wk  exceptions.o [1]
TRNG_Handler            0x2007'0e0b   0x2  Code  Wk  exceptions.o [1]
TWI0_Handler            0x2007'0e0b   0x2  Code  Wk  exceptions.o [1]
TWI1_Handler            0x2007'0e0b   0x2  Code  Wk  exceptions.o [1]
Ticks                   0x2007'13e0   0x4  Data  Gb  kernel_functions.o [1]
TimerInt                0x2007'0591  0x84  Code  Gb  kernel_functions.o [1]
TimerList               0x2007'13f8   0x4  Data  Gb  kernel_functions.o [1]
UART_Handler            0x2007'0e0b   0x2  Code  Wk  exceptions.o [1]
UOTGHS_Handler          0x2007'0e0b   0x2  Code  Wk  exceptions.o [1]
USART0_Handler          0x2007'0e0b   0x2  Code  Wk  exceptions.o [1]
USART1_Handler          0x2007'0e0b   0x2  Code  Wk  exceptions.o [1]
USART2_Handler          0x2007'0e0b   0x2  Code  Wk  exceptions.o [1]
UsageFault_Handler      0x2007'0e0b   0x2  Code  Wk  exceptions.o [1]
WDT_Handler             0x2007'0e0b   0x2  Code  Wk  exceptions.o [1]
WaitingList             0x2007'13f4   0x4  Data  Gb  kernel_functions.o [1]
__aeabi_cfcmpeq         0x2007'11f5        Code  Gb  FltCmpEq.o [3]
__aeabi_i2f             0x2007'11d1        Code  Gb  S32ToFlt.o [3]
__aeabi_memcpy          0x2007'0cfd        Code  Gb  ABImemcpy.o [4]
__aeabi_memcpy4         0x2007'0d1d        Code  Gb  ABImemcpy.o [4]
__aeabi_memcpy8         0x2007'0d1d        Code  Gb  ABImemcpy.o [4]
__basic_calloc          0x2007'0757  0x36  Code  Gb  heap0.o [2]
__basic_free            0x2007'06cd  0x16  Code  Gb  heap0.o [2]
__basic_free_intern     0x2007'06e3  0x74  Code  Lc  heap0.o [2]
__basic_malloc_intern   0x2007'0639  0x94  Code  Lc  heap0.o [2]
__cmain                 0x2007'1341        Code  Gb  cmain.o [4]
__data_GetMemChunk      0x2007'0dcd  0x2c  Code  Gb  xgetmemchunk.o [2]
__data_GetMemChunk::start
                        0x2007'141c   0x4  Data  Lc  xgetmemchunk.o [2]
__data_memzero          0x2007'0df9  0x12  Code  Gb  xxmemxmemzero.o [2]
__exit                  0x2007'1399  0x14  Code  Gb  exit.o [5]
__iar_copy_init3        0x2007'0da3  0x2a  Code  Gb  copy_init3.o [4]
__iar_data_init3        0x2007'1361  0x28  Code  Gb  data_init.o [4]
__iar_program_start     0x2007'1335        Code  Gb  cstartup.o [1]
__iar_zero_init3        0x2007'12c9  0x38  Code  Gb  zero_init3.o [4]
__low_level_init        0x2007'1301  0x24  Code  Gb  startup_sam3x.o [1]
__region_NFC_RAM_end__ {Abs}
                        0x2010'0fff        Data  Gb  <internal module>
__region_NFC_RAM_start__ {Abs}
                        0x2010'0000        Data  Gb  <internal module>
__region_RAM0_end__ {Abs}
                        0x2000'ffff        Data  Gb  <internal module>
__region_RAM0_size__ {Abs}
                           0x1'0000        Data  Gb  <internal module>
__region_RAM0_start__ {Abs}
                        0x2000'0000        Data  Gb  <internal module>
__region_RAM1_end__ {Abs}
                        0x2008'7fff        Data  Gb  <internal module>
__region_RAM1_size__ {Abs}
                             0x8000        Data  Gb  <internal module>
__region_RAM1_start__ {Abs}
                        0x2008'0000        Data  Gb  <internal module>
__region_RAM_end__ {Abs}
                        0x2008'7fff        Data  Gb  <internal module>
__region_RAM_size__ {Abs}
                           0x1'8000        Data  Gb  <internal module>
__region_RAM_start__ {Abs}
                        0x2007'0000        Data  Gb  <internal module>
__vector_table          0x2007'0000  0xf4  Data  Gb  startup_sam3x.o [1]
_call_main              0x2007'134d        Code  Gb  cmain.o [4]
_exit                   0x2007'138d        Code  Gb  cexit.o [4]
add_blocked_message     0x2007'0c4f  0x3e  Code  Gb  mailbox_functions.o [1]
add_message             0x2007'0c11  0x3e  Code  Gb  mailbox_functions.o [1]
charMbox                0x2007'1410   0x4  Data  Gb  main.o [1]
create_mailbox          0x2007'0bd1  0x24  Code  Gb  mailbox_functions.o [1]
create_task             0x2007'0173  0xcc  Code  Gb  kernel_functions.o [1]
exit                    0x2007'1389   0x4  Code  Gb  exit.o [2]
extract_from_readylist  0x2007'09d7  0x4c  Code  Gb  linked_list_functions.o [1]
floatMbox               0x2007'1418   0x4  Data  Gb  main.o [1]
free                    0x2007'0bcd   0x4  Code  Gb  heaptramp0.o [2]
g0                      0x2007'13fc   0x4  Data  Gb  main.o [1]
g1                      0x2007'1400   0x4  Data  Gb  main.o [1]
g2                      0x2007'1404   0x4  Data  Gb  main.o [1]
g3                      0x2007'1408   0x4  Data  Gb  main.o [1]
g4                      0x2007'140c   0x4  Data  Gb  main.o [1]
idle                    0x2007'00f5   0x2  Code  Gb  kernel_functions.o [1]
init_kernel             0x2007'00f7  0x54  Code  Gb  kernel_functions.o [1]
insert_into_readylist   0x2007'0959  0x7e  Code  Gb  linked_list_functions.o [1]
insert_into_timerlist   0x2007'0aef  0x5a  Code  Gb  linked_list_functions.o [1]
insert_into_waitinglist
                        0x2007'0a23  0x5a  Code  Gb  linked_list_functions.o [1]
intMbox                 0x2007'1414   0x4  Data  Gb  main.o [1]
is_wait_type            0x2007'0c03   0xe  Code  Gb  mailbox_functions.o [1]
isr_off                 0x2007'093b        Code  Gb  context_switching_functions_march_2019.o [1]
isr_on                  0x2007'0931        Code  Gb  context_switching_functions_march_2019.o [1]
main                    0x2007'10bf  0xb6  Code  Gb  main.o [1]
message_status          0x2007'0bfd   0x6  Code  Gb  mailbox_functions.o [1]
no_blocked_messages     0x2007'0bf9   0x4  Code  Gb  mailbox_functions.o [1]
no_messages             0x2007'0bf5   0x4  Code  Gb  mailbox_functions.o [1]
receive_no_wait         0x2007'04c7  0x6c  Code  Gb  kernel_functions.o [1]
receive_wait            0x2007'0353  0xdc  Code  Gb  kernel_functions.o [1]
remove_from_timerlist   0x2007'0b49  0x76  Code  Gb  linked_list_functions.o [1]
remove_from_waitinglist
                        0x2007'0a7d  0x72  Code  Gb  linked_list_functions.o [1]
remove_message          0x2007'0c8d  0x70  Code  Gb  mailbox_functions.o [1]
run                     0x2007'014b  0x28  Code  Gb  kernel_functions.o [1]
send_no_wait            0x2007'042f  0x98  Code  Gb  kernel_functions.o [1]
send_wait               0x2007'0277  0xdc  Code  Gb  kernel_functions.o [1]
set_ticks               0x2007'0585   0x6  Code  Gb  kernel_functions.o [1]
switch_to_stack_of_next_task
                        0x2007'091d        Code  Gb  context_switching_functions_march_2019.o [1]
task_body_1             0x2007'0e6b  0x86  Code  Gb  main.o [1]
task_body_2             0x2007'0ef1  0x96  Code  Gb  main.o [1]
task_body_3             0x2007'0f87  0x8e  Code  Gb  main.o [1]
task_body_4             0x2007'1015  0x70  Code  Gb  main.o [1]
task_body_5             0x2007'1085  0x3a  Code  Gb  main.o [1]
terminate               0x2007'023f  0x38  Code  Gb  kernel_functions.o [1]
ticks                   0x2007'058b   0x6  Code  Gb  kernel_functions.o [1]
wait                    0x2007'0533  0x52  Code  Gb  kernel_functions.o [1]


[1] = C:\Users\ander\Documents\Uni\CSEII\Project\Debug\Obj
[2] = dl7M_tln.a
[3] = m7M_tl.a
[4] = rt7M_tl.a
[5] = shb_l.a

   4'792 bytes of readonly  code memory
     284 bytes of readonly  data memory
  10'316 bytes of readwrite data memory

Errors: none
Warnings: none
